Camera make          : Canon
Camera model         : Canon PowerShot S400
Software             : Adobe Photoshop 7.0
Bits per sample      : 8
XResolution          : 180.0
YResolution          : 180.0
ResolutionUnit       : 2
Color space          : 1
Image width          : 400
Image height         : 300
Image orientation    : 1
Image date/time      : 2003:05:25 11:11:41
Original date/time   : 2003:05:24 16:40:33
Digitize date/time   : 2003:05:24 16:40:33
Exposure time        : 1/8 s
F-stop               : f/2.8
Exposure program     : 0
Exposure mode        : 0
Exposure bias        : 0.000000 EV
Flash used?          : 0
Flash returned light : 0
Flash mode           : 2
Metering mode        : 5
Lens focal length    : 7.406250 mm
Focal plane XRes     : 8114.285714
Focal plane YRes     : 8114.285714
