Camera make          : OLYMPUS IMAGING CORP.
Camera model         : E-510
Software             : ACD Systems Digital Imaging
Bits per sample      : 8
XResolution          : 240.0
YResolution          : 240.0
ResolutionUnit       : 2
White balance        : 0
Image width          : 912
Image height         : 684
Image description    : OLYMPUS DIGITAL CAMERA
Image orientation    : 1
Image date/time      : 2008:09:13 17:07:15
Original date/time   : 2008:09:02 12:39:38
Digitize date/time   : 2008:09:02 12:39:38
Subsecond time       : 0
Exposure time        : 1/640 s
F-stop               : f/4.5
Exposure program     : 3
Exposure mode        : 0
Exposure bias        : 0.000000 EV
Flash used?          : 0
Flash returned light : 0
Flash mode           : 1
Metering mode        : 2
Lens focal length    : 14.000000 mm
