Camera make          : Apple
Camera model         : iPhone 4S
Software             : 6.0.1
Bits per sample      : 8
XResolution          : 72.0
YResolution          : 72.0
ResolutionUnit       : 2
Image width          : 3264
Image height         : 2448
Image orientation    : 1
Image date/time      : 2012:12:22 19:40:02
Original date/time   : 2012:12:22 19:40:02
Digitize date/time   : 2012:12:22 19:40:02
Exposure time        : 1/15 s
F-stop               : f/2.4
Exposure program     : 2
Exposure mode        : 0
ISO speed            : 500
Flash used?          : 0
Flash returned light : 0
Flash mode           : 2
Metering mode        : 5
Lens focal length    : 4.280000 mm
35mm focal length    : 35 mm
GPS Latitude         : 37.776333 deg (37.000000 deg, 46.580000 min, 0.000000 sec N)
GPS Longitude        : -122.419667 deg (122.000000 deg, 25.180000 min, 0.000000 sec W)
GPS Altitude         : 15.833345 m
